-rw------- chmod.testdata
---------- chmod.testdata
-r--r--r-- chmod.testdata
-rw------- chmod.testdata
