1st close return is 0
2nd close return is -1
===
Hello World.