---------- creat.0.tmp
-r--r--r-- creat.292.tmp
-rw------- creat.384.tmp
