now1 is 'Jan 01 00:00:00'
now2 is 'Apr 05 06:07:08'
