0[2]: 0
1[2]: 1
2[2]: 10
3[2]: 11
4[2]: 100
5[2]: 101
6[2]: 110
7[2]: 111
8[2]: 1000
9[2]: 1001
10[2]: 1010
11[2]: 1011
12[2]: 1100
13[2]: 1101
14[2]: 1110
15[2]: 1111
16[2]: 10000
17[2]: 10001
18[2]: 10010
19[2]: 10011
20[2]: 10100
21[2]: 10101
22[2]: 10110
23[2]: 10111
24[2]: 11000
25[2]: 11001
26[2]: 11010
27[2]: 11011
28[2]: 11100
29[2]: 11101
30[2]: 11110
31[2]: 11111
32[2]: 100000
33[2]: 100001
34[2]: 100010
35[2]: 100011
36[2]: 100100
37[2]: 100101
38[2]: 100110
39[2]: 100111
40[2]: 101000
41[2]: 101001
42[2]: 101010
43[2]: 101011
44[2]: 101100
45[2]: 101101
46[2]: 101110
47[2]: 101111
48[2]: 110000
49[2]: 110001
50[2]: 110010
51[2]: 110011
52[2]: 110100
53[2]: 110101
54[2]: 110110
55[2]: 110111
56[2]: 111000
57[2]: 111001
58[2]: 111010
59[2]: 111011
60[2]: 111100
61[2]: 111101
62[2]: 111110
63[2]: 111111
64[2]: 1000000
65[2]: 1000001
66[2]: 1000010
67[2]: 1000011
68[2]: 1000100
69[2]: 1000101
70[2]: 1000110
71[2]: 1000111
72[2]: 1001000
73[2]: 1001001
74[2]: 1001010
75[2]: 1001011
76[2]: 1001100
77[2]: 1001101
78[2]: 1001110
79[2]: 1001111
80[2]: 1010000
81[2]: 1010001
82[2]: 1010010
83[2]: 1010011
84[2]: 1010100
85[2]: 1010101
86[2]: 1010110
87[2]: 1010111
88[2]: 1011000
89[2]: 1011001
90[2]: 1011010
91[2]: 1011011
92[2]: 1011100
93[2]: 1011101
94[2]: 1011110
95[2]: 1011111
96[2]: 1100000
97[2]: 1100001
98[2]: 1100010
99[2]: 1100011
100[2]: 1100100
101[2]: 1100101
102[2]: 1100110
103[2]: 1100111
104[2]: 1101000
105[2]: 1101001
106[2]: 1101010
107[2]: 1101011
108[2]: 1101100
109[2]: 1101101
110[2]: 1101110
111[2]: 1101111
112[2]: 1110000
113[2]: 1110001
114[2]: 1110010
115[2]: 1110011
116[2]: 1110100
117[2]: 1110101
118[2]: 1110110
119[2]: 1110111
120[2]: 1111000
121[2]: 1111001
122[2]: 1111010
123[2]: 1111011
124[2]: 1111100
125[2]: 1111101
126[2]: 1111110
127[2]: 1111111
128[2]: 10000000
129[2]: 10000001
130[2]: 10000010
131[2]: 10000011
132[2]: 10000100
133[2]: 10000101
134[2]: 10000110
135[2]: 10000111
136[2]: 10001000
137[2]: 10001001
138[2]: 10001010
139[2]: 10001011
140[2]: 10001100
141[2]: 10001101
142[2]: 10001110
143[2]: 10001111
144[2]: 10010000
145[2]: 10010001
146[2]: 10010010
147[2]: 10010011
148[2]: 10010100
149[2]: 10010101
150[2]: 10010110
151[2]: 10010111
152[2]: 10011000
153[2]: 10011001
154[2]: 10011010
155[2]: 10011011
156[2]: 10011100
157[2]: 10011101
158[2]: 10011110
159[2]: 10011111
160[2]: 10100000
161[2]: 10100001
162[2]: 10100010
163[2]: 10100011
164[2]: 10100100
165[2]: 10100101
166[2]: 10100110
167[2]: 10100111
168[2]: 10101000
169[2]: 10101001
170[2]: 10101010
171[2]: 10101011
172[2]: 10101100
173[2]: 10101101
174[2]: 10101110
175[2]: 10101111
176[2]: 10110000
177[2]: 10110001
178[2]: 10110010
179[2]: 10110011
180[2]: 10110100
181[2]: 10110101
182[2]: 10110110
183[2]: 10110111
184[2]: 10111000
185[2]: 10111001
186[2]: 10111010
187[2]: 10111011
188[2]: 10111100
189[2]: 10111101
190[2]: 10111110
191[2]: 10111111
192[2]: 11000000
193[2]: 11000001
194[2]: 11000010
195[2]: 11000011
196[2]: 11000100
197[2]: 11000101
198[2]: 11000110
199[2]: 11000111
200[2]: 11001000
201[2]: 11001001
202[2]: 11001010
203[2]: 11001011
204[2]: 11001100
205[2]: 11001101
206[2]: 11001110
207[2]: 11001111
208[2]: 11010000
209[2]: 11010001
210[2]: 11010010
211[2]: 11010011
212[2]: 11010100
213[2]: 11010101
214[2]: 11010110
215[2]: 11010111
216[2]: 11011000
217[2]: 11011001
218[2]: 11011010
219[2]: 11011011
220[2]: 11011100
221[2]: 11011101
222[2]: 11011110
223[2]: 11011111
224[2]: 11100000
225[2]: 11100001
226[2]: 11100010
227[2]: 11100011
228[2]: 11100100
229[2]: 11100101
230[2]: 11100110
231[2]: 11100111
232[2]: 11101000
233[2]: 11101001
234[2]: 11101010
235[2]: 11101011
236[2]: 11101100
237[2]: 11101101
238[2]: 11101110
239[2]: 11101111
240[2]: 11110000
241[2]: 11110001
242[2]: 11110010
243[2]: 11110011
244[2]: 11110100
245[2]: 11110101
246[2]: 11110110
247[2]: 11110111
248[2]: 11111000
249[2]: 11111001
250[2]: 11111010
251[2]: 11111011
252[2]: 11111100
253[2]: 11111101
254[2]: 11111110
255[2]: 11111111
256[2]: 100000000
0[3]: 0
1[3]: 1
2[3]: 2
3[3]: 10
4[3]: 11
5[3]: 12
6[3]: 20
7[3]: 21
8[3]: 22
9[3]: 100
10[3]: 101
11[3]: 102
12[3]: 110
13[3]: 111
14[3]: 112
15[3]: 120
16[3]: 121
17[3]: 122
18[3]: 200
19[3]: 201
20[3]: 202
21[3]: 210
22[3]: 211
23[3]: 212
24[3]: 220
25[3]: 221
26[3]: 222
27[3]: 1000
28[3]: 1001
29[3]: 1002
30[3]: 1010
31[3]: 1011
32[3]: 1012
33[3]: 1020
34[3]: 1021
35[3]: 1022
36[3]: 1100
37[3]: 1101
38[3]: 1102
39[3]: 1110
40[3]: 1111
41[3]: 1112
42[3]: 1120
43[3]: 1121
44[3]: 1122
45[3]: 1200
46[3]: 1201
47[3]: 1202
48[3]: 1210
49[3]: 1211
50[3]: 1212
51[3]: 1220
52[3]: 1221
53[3]: 1222
54[3]: 2000
55[3]: 2001
56[3]: 2002
57[3]: 2010
58[3]: 2011
59[3]: 2012
60[3]: 2020
61[3]: 2021
62[3]: 2022
63[3]: 2100
64[3]: 2101
65[3]: 2102
66[3]: 2110
67[3]: 2111
68[3]: 2112
69[3]: 2120
70[3]: 2121
71[3]: 2122
72[3]: 2200
73[3]: 2201
74[3]: 2202
75[3]: 2210
76[3]: 2211
77[3]: 2212
78[3]: 2220
79[3]: 2221
80[3]: 2222
81[3]: 10000
82[3]: 10001
83[3]: 10002
84[3]: 10010
85[3]: 10011
86[3]: 10012
87[3]: 10020
88[3]: 10021
89[3]: 10022
90[3]: 10100
91[3]: 10101
92[3]: 10102
93[3]: 10110
94[3]: 10111
95[3]: 10112
96[3]: 10120
97[3]: 10121
98[3]: 10122
99[3]: 10200
100[3]: 10201
101[3]: 10202
102[3]: 10210
103[3]: 10211
104[3]: 10212
105[3]: 10220
106[3]: 10221
107[3]: 10222
108[3]: 11000
109[3]: 11001
110[3]: 11002
111[3]: 11010
112[3]: 11011
113[3]: 11012
114[3]: 11020
115[3]: 11021
116[3]: 11022
117[3]: 11100
118[3]: 11101
119[3]: 11102
120[3]: 11110
121[3]: 11111
122[3]: 11112
123[3]: 11120
124[3]: 11121
125[3]: 11122
126[3]: 11200
127[3]: 11201
128[3]: 11202
129[3]: 11210
130[3]: 11211
131[3]: 11212
132[3]: 11220
133[3]: 11221
134[3]: 11222
135[3]: 12000
136[3]: 12001
137[3]: 12002
138[3]: 12010
139[3]: 12011
140[3]: 12012
141[3]: 12020
142[3]: 12021
143[3]: 12022
144[3]: 12100
145[3]: 12101
146[3]: 12102
147[3]: 12110
148[3]: 12111
149[3]: 12112
150[3]: 12120
151[3]: 12121
152[3]: 12122
153[3]: 12200
154[3]: 12201
155[3]: 12202
156[3]: 12210
157[3]: 12211
158[3]: 12212
159[3]: 12220
160[3]: 12221
161[3]: 12222
162[3]: 20000
163[3]: 20001
164[3]: 20002
165[3]: 20010
166[3]: 20011
167[3]: 20012
168[3]: 20020
169[3]: 20021
170[3]: 20022
171[3]: 20100
172[3]: 20101
173[3]: 20102
174[3]: 20110
175[3]: 20111
176[3]: 20112
177[3]: 20120
178[3]: 20121
179[3]: 20122
180[3]: 20200
181[3]: 20201
182[3]: 20202
183[3]: 20210
184[3]: 20211
185[3]: 20212
186[3]: 20220
187[3]: 20221
188[3]: 20222
189[3]: 21000
190[3]: 21001
191[3]: 21002
192[3]: 21010
193[3]: 21011
194[3]: 21012
195[3]: 21020
196[3]: 21021
197[3]: 21022
198[3]: 21100
199[3]: 21101
200[3]: 21102
201[3]: 21110
202[3]: 21111
203[3]: 21112
204[3]: 21120
205[3]: 21121
206[3]: 21122
207[3]: 21200
208[3]: 21201
209[3]: 21202
210[3]: 21210
211[3]: 21211
212[3]: 21212
213[3]: 21220
214[3]: 21221
215[3]: 21222
216[3]: 22000
217[3]: 22001
218[3]: 22002
219[3]: 22010
220[3]: 22011
221[3]: 22012
222[3]: 22020
223[3]: 22021
224[3]: 22022
225[3]: 22100
226[3]: 22101
227[3]: 22102
228[3]: 22110
229[3]: 22111
230[3]: 22112
231[3]: 22120
232[3]: 22121
233[3]: 22122
234[3]: 22200
235[3]: 22201
236[3]: 22202
237[3]: 22210
238[3]: 22211
239[3]: 22212
240[3]: 22220
241[3]: 22221
242[3]: 22222
243[3]: 100000
244[3]: 100001
245[3]: 100002
246[3]: 100010
247[3]: 100011
248[3]: 100012
249[3]: 100020
250[3]: 100021
251[3]: 100022
252[3]: 100100
253[3]: 100101
254[3]: 100102
255[3]: 100110
256[3]: 100111
0[4]: 0
1[4]: 1
2[4]: 2
3[4]: 3
4[4]: 10
5[4]: 11
6[4]: 12
7[4]: 13
8[4]: 20
9[4]: 21
10[4]: 22
11[4]: 23
12[4]: 30
13[4]: 31
14[4]: 32
15[4]: 33
16[4]: 100
17[4]: 101
18[4]: 102
19[4]: 103
20[4]: 110
21[4]: 111
22[4]: 112
23[4]: 113
24[4]: 120
25[4]: 121
26[4]: 122
27[4]: 123
28[4]: 130
29[4]: 131
30[4]: 132
31[4]: 133
32[4]: 200
33[4]: 201
34[4]: 202
35[4]: 203
36[4]: 210
37[4]: 211
38[4]: 212
39[4]: 213
40[4]: 220
41[4]: 221
42[4]: 222
43[4]: 223
44[4]: 230
45[4]: 231
46[4]: 232
47[4]: 233
48[4]: 300
49[4]: 301
50[4]: 302
51[4]: 303
52[4]: 310
53[4]: 311
54[4]: 312
55[4]: 313
56[4]: 320
57[4]: 321
58[4]: 322
59[4]: 323
60[4]: 330
61[4]: 331
62[4]: 332
63[4]: 333
64[4]: 1000
65[4]: 1001
66[4]: 1002
67[4]: 1003
68[4]: 1010
69[4]: 1011
70[4]: 1012
71[4]: 1013
72[4]: 1020
73[4]: 1021
74[4]: 1022
75[4]: 1023
76[4]: 1030
77[4]: 1031
78[4]: 1032
79[4]: 1033
80[4]: 1100
81[4]: 1101
82[4]: 1102
83[4]: 1103
84[4]: 1110
85[4]: 1111
86[4]: 1112
87[4]: 1113
88[4]: 1120
89[4]: 1121
90[4]: 1122
91[4]: 1123
92[4]: 1130
93[4]: 1131
94[4]: 1132
95[4]: 1133
96[4]: 1200
97[4]: 1201
98[4]: 1202
99[4]: 1203
100[4]: 1210
101[4]: 1211
102[4]: 1212
103[4]: 1213
104[4]: 1220
105[4]: 1221
106[4]: 1222
107[4]: 1223
108[4]: 1230
109[4]: 1231
110[4]: 1232
111[4]: 1233
112[4]: 1300
113[4]: 1301
114[4]: 1302
115[4]: 1303
116[4]: 1310
117[4]: 1311
118[4]: 1312
119[4]: 1313
120[4]: 1320
121[4]: 1321
122[4]: 1322
123[4]: 1323
124[4]: 1330
125[4]: 1331
126[4]: 1332
127[4]: 1333
128[4]: 2000
129[4]: 2001
130[4]: 2002
131[4]: 2003
132[4]: 2010
133[4]: 2011
134[4]: 2012
135[4]: 2013
136[4]: 2020
137[4]: 2021
138[4]: 2022
139[4]: 2023
140[4]: 2030
141[4]: 2031
142[4]: 2032
143[4]: 2033
144[4]: 2100
145[4]: 2101
146[4]: 2102
147[4]: 2103
148[4]: 2110
149[4]: 2111
150[4]: 2112
151[4]: 2113
152[4]: 2120
153[4]: 2121
154[4]: 2122
155[4]: 2123
156[4]: 2130
157[4]: 2131
158[4]: 2132
159[4]: 2133
160[4]: 2200
161[4]: 2201
162[4]: 2202
163[4]: 2203
164[4]: 2210
165[4]: 2211
166[4]: 2212
167[4]: 2213
168[4]: 2220
169[4]: 2221
170[4]: 2222
171[4]: 2223
172[4]: 2230
173[4]: 2231
174[4]: 2232
175[4]: 2233
176[4]: 2300
177[4]: 2301
178[4]: 2302
179[4]: 2303
180[4]: 2310
181[4]: 2311
182[4]: 2312
183[4]: 2313
184[4]: 2320
185[4]: 2321
186[4]: 2322
187[4]: 2323
188[4]: 2330
189[4]: 2331
190[4]: 2332
191[4]: 2333
192[4]: 3000
193[4]: 3001
194[4]: 3002
195[4]: 3003
196[4]: 3010
197[4]: 3011
198[4]: 3012
199[4]: 3013
200[4]: 3020
201[4]: 3021
202[4]: 3022
203[4]: 3023
204[4]: 3030
205[4]: 3031
206[4]: 3032
207[4]: 3033
208[4]: 3100
209[4]: 3101
210[4]: 3102
211[4]: 3103
212[4]: 3110
213[4]: 3111
214[4]: 3112
215[4]: 3113
216[4]: 3120
217[4]: 3121
218[4]: 3122
219[4]: 3123
220[4]: 3130
221[4]: 3131
222[4]: 3132
223[4]: 3133
224[4]: 3200
225[4]: 3201
226[4]: 3202
227[4]: 3203
228[4]: 3210
229[4]: 3211
230[4]: 3212
231[4]: 3213
232[4]: 3220
233[4]: 3221
234[4]: 3222
235[4]: 3223
236[4]: 3230
237[4]: 3231
238[4]: 3232
239[4]: 3233
240[4]: 3300
241[4]: 3301
242[4]: 3302
243[4]: 3303
244[4]: 3310
245[4]: 3311
246[4]: 3312
247[4]: 3313
248[4]: 3320
249[4]: 3321
250[4]: 3322
251[4]: 3323
252[4]: 3330
253[4]: 3331
254[4]: 3332
255[4]: 3333
256[4]: 10000
0[5]: 0
1[5]: 1
2[5]: 2
3[5]: 3
4[5]: 4
5[5]: 10
6[5]: 11
7[5]: 12
8[5]: 13
9[5]: 14
10[5]: 20
11[5]: 21
12[5]: 22
13[5]: 23
14[5]: 24
15[5]: 30
16[5]: 31
17[5]: 32
18[5]: 33
19[5]: 34
20[5]: 40
21[5]: 41
22[5]: 42
23[5]: 43
24[5]: 44
25[5]: 100
26[5]: 101
27[5]: 102
28[5]: 103
29[5]: 104
30[5]: 110
31[5]: 111
32[5]: 112
33[5]: 113
34[5]: 114
35[5]: 120
36[5]: 121
37[5]: 122
38[5]: 123
39[5]: 124
40[5]: 130
41[5]: 131
42[5]: 132
43[5]: 133
44[5]: 134
45[5]: 140
46[5]: 141
47[5]: 142
48[5]: 143
49[5]: 144
50[5]: 200
51[5]: 201
52[5]: 202
53[5]: 203
54[5]: 204
55[5]: 210
56[5]: 211
57[5]: 212
58[5]: 213
59[5]: 214
60[5]: 220
61[5]: 221
62[5]: 222
63[5]: 223
64[5]: 224
65[5]: 230
66[5]: 231
67[5]: 232
68[5]: 233
69[5]: 234
70[5]: 240
71[5]: 241
72[5]: 242
73[5]: 243
74[5]: 244
75[5]: 300
76[5]: 301
77[5]: 302
78[5]: 303
79[5]: 304
80[5]: 310
81[5]: 311
82[5]: 312
83[5]: 313
84[5]: 314
85[5]: 320
86[5]: 321
87[5]: 322
88[5]: 323
89[5]: 324
90[5]: 330
91[5]: 331
92[5]: 332
93[5]: 333
94[5]: 334
95[5]: 340
96[5]: 341
97[5]: 342
98[5]: 343
99[5]: 344
100[5]: 400
101[5]: 401
102[5]: 402
103[5]: 403
104[5]: 404
105[5]: 410
106[5]: 411
107[5]: 412
108[5]: 413
109[5]: 414
110[5]: 420
111[5]: 421
112[5]: 422
113[5]: 423
114[5]: 424
115[5]: 430
116[5]: 431
117[5]: 432
118[5]: 433
119[5]: 434
120[5]: 440
121[5]: 441
122[5]: 442
123[5]: 443
124[5]: 444
125[5]: 1000
126[5]: 1001
127[5]: 1002
128[5]: 1003
129[5]: 1004
130[5]: 1010
131[5]: 1011
132[5]: 1012
133[5]: 1013
134[5]: 1014
135[5]: 1020
136[5]: 1021
137[5]: 1022
138[5]: 1023
139[5]: 1024
140[5]: 1030
141[5]: 1031
142[5]: 1032
143[5]: 1033
144[5]: 1034
145[5]: 1040
146[5]: 1041
147[5]: 1042
148[5]: 1043
149[5]: 1044
150[5]: 1100
151[5]: 1101
152[5]: 1102
153[5]: 1103
154[5]: 1104
155[5]: 1110
156[5]: 1111
157[5]: 1112
158[5]: 1113
159[5]: 1114
160[5]: 1120
161[5]: 1121
162[5]: 1122
163[5]: 1123
164[5]: 1124
165[5]: 1130
166[5]: 1131
167[5]: 1132
168[5]: 1133
169[5]: 1134
170[5]: 1140
171[5]: 1141
172[5]: 1142
173[5]: 1143
174[5]: 1144
175[5]: 1200
176[5]: 1201
177[5]: 1202
178[5]: 1203
179[5]: 1204
180[5]: 1210
181[5]: 1211
182[5]: 1212
183[5]: 1213
184[5]: 1214
185[5]: 1220
186[5]: 1221
187[5]: 1222
188[5]: 1223
189[5]: 1224
190[5]: 1230
191[5]: 1231
192[5]: 1232
193[5]: 1233
194[5]: 1234
195[5]: 1240
196[5]: 1241
197[5]: 1242
198[5]: 1243
199[5]: 1244
200[5]: 1300
201[5]: 1301
202[5]: 1302
203[5]: 1303
204[5]: 1304
205[5]: 1310
206[5]: 1311
207[5]: 1312
208[5]: 1313
209[5]: 1314
210[5]: 1320
211[5]: 1321
212[5]: 1322
213[5]: 1323
214[5]: 1324
215[5]: 1330
216[5]: 1331
217[5]: 1332
218[5]: 1333
219[5]: 1334
220[5]: 1340
221[5]: 1341
222[5]: 1342
223[5]: 1343
224[5]: 1344
225[5]: 1400
226[5]: 1401
227[5]: 1402
228[5]: 1403
229[5]: 1404
230[5]: 1410
231[5]: 1411
232[5]: 1412
233[5]: 1413
234[5]: 1414
235[5]: 1420
236[5]: 1421
237[5]: 1422
238[5]: 1423
239[5]: 1424
240[5]: 1430
241[5]: 1431
242[5]: 1432
243[5]: 1433
244[5]: 1434
245[5]: 1440
246[5]: 1441
247[5]: 1442
248[5]: 1443
249[5]: 1444
250[5]: 2000
251[5]: 2001
252[5]: 2002
253[5]: 2003
254[5]: 2004
255[5]: 2010
256[5]: 2011
0[6]: 0
1[6]: 1
2[6]: 2
3[6]: 3
4[6]: 4
5[6]: 5
6[6]: 10
7[6]: 11
8[6]: 12
9[6]: 13
10[6]: 14
11[6]: 15
12[6]: 20
13[6]: 21
14[6]: 22
15[6]: 23
16[6]: 24
17[6]: 25
18[6]: 30
19[6]: 31
20[6]: 32
21[6]: 33
22[6]: 34
23[6]: 35
24[6]: 40
25[6]: 41
26[6]: 42
27[6]: 43
28[6]: 44
29[6]: 45
30[6]: 50
31[6]: 51
32[6]: 52
33[6]: 53
34[6]: 54
35[6]: 55
36[6]: 100
37[6]: 101
38[6]: 102
39[6]: 103
40[6]: 104
41[6]: 105
42[6]: 110
43[6]: 111
44[6]: 112
45[6]: 113
46[6]: 114
47[6]: 115
48[6]: 120
49[6]: 121
50[6]: 122
51[6]: 123
52[6]: 124
53[6]: 125
54[6]: 130
55[6]: 131
56[6]: 132
57[6]: 133
58[6]: 134
59[6]: 135
60[6]: 140
61[6]: 141
62[6]: 142
63[6]: 143
64[6]: 144
65[6]: 145
66[6]: 150
67[6]: 151
68[6]: 152
69[6]: 153
70[6]: 154
71[6]: 155
72[6]: 200
73[6]: 201
74[6]: 202
75[6]: 203
76[6]: 204
77[6]: 205
78[6]: 210
79[6]: 211
80[6]: 212
81[6]: 213
82[6]: 214
83[6]: 215
84[6]: 220
85[6]: 221
86[6]: 222
87[6]: 223
88[6]: 224
89[6]: 225
90[6]: 230
91[6]: 231
92[6]: 232
93[6]: 233
94[6]: 234
95[6]: 235
96[6]: 240
97[6]: 241
98[6]: 242
99[6]: 243
100[6]: 244
101[6]: 245
102[6]: 250
103[6]: 251
104[6]: 252
105[6]: 253
106[6]: 254
107[6]: 255
108[6]: 300
109[6]: 301
110[6]: 302
111[6]: 303
112[6]: 304
113[6]: 305
114[6]: 310
115[6]: 311
116[6]: 312
117[6]: 313
118[6]: 314
119[6]: 315
120[6]: 320
121[6]: 321
122[6]: 322
123[6]: 323
124[6]: 324
125[6]: 325
126[6]: 330
127[6]: 331
128[6]: 332
129[6]: 333
130[6]: 334
131[6]: 335
132[6]: 340
133[6]: 341
134[6]: 342
135[6]: 343
136[6]: 344
137[6]: 345
138[6]: 350
139[6]: 351
140[6]: 352
141[6]: 353
142[6]: 354
143[6]: 355
144[6]: 400
145[6]: 401
146[6]: 402
147[6]: 403
148[6]: 404
149[6]: 405
150[6]: 410
151[6]: 411
152[6]: 412
153[6]: 413
154[6]: 414
155[6]: 415
156[6]: 420
157[6]: 421
158[6]: 422
159[6]: 423
160[6]: 424
161[6]: 425
162[6]: 430
163[6]: 431
164[6]: 432
165[6]: 433
166[6]: 434
167[6]: 435
168[6]: 440
169[6]: 441
170[6]: 442
171[6]: 443
172[6]: 444
173[6]: 445
174[6]: 450
175[6]: 451
176[6]: 452
177[6]: 453
178[6]: 454
179[6]: 455
180[6]: 500
181[6]: 501
182[6]: 502
183[6]: 503
184[6]: 504
185[6]: 505
186[6]: 510
187[6]: 511
188[6]: 512
189[6]: 513
190[6]: 514
191[6]: 515
192[6]: 520
193[6]: 521
194[6]: 522
195[6]: 523
196[6]: 524
197[6]: 525
198[6]: 530
199[6]: 531
200[6]: 532
201[6]: 533
202[6]: 534
203[6]: 535
204[6]: 540
205[6]: 541
206[6]: 542
207[6]: 543
208[6]: 544
209[6]: 545
210[6]: 550
211[6]: 551
212[6]: 552
213[6]: 553
214[6]: 554
215[6]: 555
216[6]: 1000
217[6]: 1001
218[6]: 1002
219[6]: 1003
220[6]: 1004
221[6]: 1005
222[6]: 1010
223[6]: 1011
224[6]: 1012
225[6]: 1013
226[6]: 1014
227[6]: 1015
228[6]: 1020
229[6]: 1021
230[6]: 1022
231[6]: 1023
232[6]: 1024
233[6]: 1025
234[6]: 1030
235[6]: 1031
236[6]: 1032
237[6]: 1033
238[6]: 1034
239[6]: 1035
240[6]: 1040
241[6]: 1041
242[6]: 1042
243[6]: 1043
244[6]: 1044
245[6]: 1045
246[6]: 1050
247[6]: 1051
248[6]: 1052
249[6]: 1053
250[6]: 1054
251[6]: 1055
252[6]: 1100
253[6]: 1101
254[6]: 1102
255[6]: 1103
256[6]: 1104
0[7]: 0
1[7]: 1
2[7]: 2
3[7]: 3
4[7]: 4
5[7]: 5
6[7]: 6
7[7]: 10
8[7]: 11
9[7]: 12
10[7]: 13
11[7]: 14
12[7]: 15
13[7]: 16
14[7]: 20
15[7]: 21
16[7]: 22
17[7]: 23
18[7]: 24
19[7]: 25
20[7]: 26
21[7]: 30
22[7]: 31
23[7]: 32
24[7]: 33
25[7]: 34
26[7]: 35
27[7]: 36
28[7]: 40
29[7]: 41
30[7]: 42
31[7]: 43
32[7]: 44
33[7]: 45
34[7]: 46
35[7]: 50
36[7]: 51
37[7]: 52
38[7]: 53
39[7]: 54
40[7]: 55
41[7]: 56
42[7]: 60
43[7]: 61
44[7]: 62
45[7]: 63
46[7]: 64
47[7]: 65
48[7]: 66
49[7]: 100
50[7]: 101
51[7]: 102
52[7]: 103
53[7]: 104
54[7]: 105
55[7]: 106
56[7]: 110
57[7]: 111
58[7]: 112
59[7]: 113
60[7]: 114
61[7]: 115
62[7]: 116
63[7]: 120
64[7]: 121
65[7]: 122
66[7]: 123
67[7]: 124
68[7]: 125
69[7]: 126
70[7]: 130
71[7]: 131
72[7]: 132
73[7]: 133
74[7]: 134
75[7]: 135
76[7]: 136
77[7]: 140
78[7]: 141
79[7]: 142
80[7]: 143
81[7]: 144
82[7]: 145
83[7]: 146
84[7]: 150
85[7]: 151
86[7]: 152
87[7]: 153
88[7]: 154
89[7]: 155
90[7]: 156
91[7]: 160
92[7]: 161
93[7]: 162
94[7]: 163
95[7]: 164
96[7]: 165
97[7]: 166
98[7]: 200
99[7]: 201
100[7]: 202
101[7]: 203
102[7]: 204
103[7]: 205
104[7]: 206
105[7]: 210
106[7]: 211
107[7]: 212
108[7]: 213
109[7]: 214
110[7]: 215
111[7]: 216
112[7]: 220
113[7]: 221
114[7]: 222
115[7]: 223
116[7]: 224
117[7]: 225
118[7]: 226
119[7]: 230
120[7]: 231
121[7]: 232
122[7]: 233
123[7]: 234
124[7]: 235
125[7]: 236
126[7]: 240
127[7]: 241
128[7]: 242
129[7]: 243
130[7]: 244
131[7]: 245
132[7]: 246
133[7]: 250
134[7]: 251
135[7]: 252
136[7]: 253
137[7]: 254
138[7]: 255
139[7]: 256
140[7]: 260
141[7]: 261
142[7]: 262
143[7]: 263
144[7]: 264
145[7]: 265
146[7]: 266
147[7]: 300
148[7]: 301
149[7]: 302
150[7]: 303
151[7]: 304
152[7]: 305
153[7]: 306
154[7]: 310
155[7]: 311
156[7]: 312
157[7]: 313
158[7]: 314
159[7]: 315
160[7]: 316
161[7]: 320
162[7]: 321
163[7]: 322
164[7]: 323
165[7]: 324
166[7]: 325
167[7]: 326
168[7]: 330
169[7]: 331
170[7]: 332
171[7]: 333
172[7]: 334
173[7]: 335
174[7]: 336
175[7]: 340
176[7]: 341
177[7]: 342
178[7]: 343
179[7]: 344
180[7]: 345
181[7]: 346
182[7]: 350
183[7]: 351
184[7]: 352
185[7]: 353
186[7]: 354
187[7]: 355
188[7]: 356
189[7]: 360
190[7]: 361
191[7]: 362
192[7]: 363
193[7]: 364
194[7]: 365
195[7]: 366
196[7]: 400
197[7]: 401
198[7]: 402
199[7]: 403
200[7]: 404
201[7]: 405
202[7]: 406
203[7]: 410
204[7]: 411
205[7]: 412
206[7]: 413
207[7]: 414
208[7]: 415
209[7]: 416
210[7]: 420
211[7]: 421
212[7]: 422
213[7]: 423
214[7]: 424
215[7]: 425
216[7]: 426
217[7]: 430
218[7]: 431
219[7]: 432
220[7]: 433
221[7]: 434
222[7]: 435
223[7]: 436
224[7]: 440
225[7]: 441
226[7]: 442
227[7]: 443
228[7]: 444
229[7]: 445
230[7]: 446
231[7]: 450
232[7]: 451
233[7]: 452
234[7]: 453
235[7]: 454
236[7]: 455
237[7]: 456
238[7]: 460
239[7]: 461
240[7]: 462
241[7]: 463
242[7]: 464
243[7]: 465
244[7]: 466
245[7]: 500
246[7]: 501
247[7]: 502
248[7]: 503
249[7]: 504
250[7]: 505
251[7]: 506
252[7]: 510
253[7]: 511
254[7]: 512
255[7]: 513
256[7]: 514
0[8]: 0
1[8]: 1
2[8]: 2
3[8]: 3
4[8]: 4
5[8]: 5
6[8]: 6
7[8]: 7
8[8]: 10
9[8]: 11
10[8]: 12
11[8]: 13
12[8]: 14
13[8]: 15
14[8]: 16
15[8]: 17
16[8]: 20
17[8]: 21
18[8]: 22
19[8]: 23
20[8]: 24
21[8]: 25
22[8]: 26
23[8]: 27
24[8]: 30
25[8]: 31
26[8]: 32
27[8]: 33
28[8]: 34
29[8]: 35
30[8]: 36
31[8]: 37
32[8]: 40
33[8]: 41
34[8]: 42
35[8]: 43
36[8]: 44
37[8]: 45
38[8]: 46
39[8]: 47
40[8]: 50
41[8]: 51
42[8]: 52
43[8]: 53
44[8]: 54
45[8]: 55
46[8]: 56
47[8]: 57
48[8]: 60
49[8]: 61
50[8]: 62
51[8]: 63
52[8]: 64
53[8]: 65
54[8]: 66
55[8]: 67
56[8]: 70
57[8]: 71
58[8]: 72
59[8]: 73
60[8]: 74
61[8]: 75
62[8]: 76
63[8]: 77
64[8]: 100
65[8]: 101
66[8]: 102
67[8]: 103
68[8]: 104
69[8]: 105
70[8]: 106
71[8]: 107
72[8]: 110
73[8]: 111
74[8]: 112
75[8]: 113
76[8]: 114
77[8]: 115
78[8]: 116
79[8]: 117
80[8]: 120
81[8]: 121
82[8]: 122
83[8]: 123
84[8]: 124
85[8]: 125
86[8]: 126
87[8]: 127
88[8]: 130
89[8]: 131
90[8]: 132
91[8]: 133
92[8]: 134
93[8]: 135
94[8]: 136
95[8]: 137
96[8]: 140
97[8]: 141
98[8]: 142
99[8]: 143
100[8]: 144
101[8]: 145
102[8]: 146
103[8]: 147
104[8]: 150
105[8]: 151
106[8]: 152
107[8]: 153
108[8]: 154
109[8]: 155
110[8]: 156
111[8]: 157
112[8]: 160
113[8]: 161
114[8]: 162
115[8]: 163
116[8]: 164
117[8]: 165
118[8]: 166
119[8]: 167
120[8]: 170
121[8]: 171
122[8]: 172
123[8]: 173
124[8]: 174
125[8]: 175
126[8]: 176
127[8]: 177
128[8]: 200
129[8]: 201
130[8]: 202
131[8]: 203
132[8]: 204
133[8]: 205
134[8]: 206
135[8]: 207
136[8]: 210
137[8]: 211
138[8]: 212
139[8]: 213
140[8]: 214
141[8]: 215
142[8]: 216
143[8]: 217
144[8]: 220
145[8]: 221
146[8]: 222
147[8]: 223
148[8]: 224
149[8]: 225
150[8]: 226
151[8]: 227
152[8]: 230
153[8]: 231
154[8]: 232
155[8]: 233
156[8]: 234
157[8]: 235
158[8]: 236
159[8]: 237
160[8]: 240
161[8]: 241
162[8]: 242
163[8]: 243
164[8]: 244
165[8]: 245
166[8]: 246
167[8]: 247
168[8]: 250
169[8]: 251
170[8]: 252
171[8]: 253
172[8]: 254
173[8]: 255
174[8]: 256
175[8]: 257
176[8]: 260
177[8]: 261
178[8]: 262
179[8]: 263
180[8]: 264
181[8]: 265
182[8]: 266
183[8]: 267
184[8]: 270
185[8]: 271
186[8]: 272
187[8]: 273
188[8]: 274
189[8]: 275
190[8]: 276
191[8]: 277
192[8]: 300
193[8]: 301
194[8]: 302
195[8]: 303
196[8]: 304
197[8]: 305
198[8]: 306
199[8]: 307
200[8]: 310
201[8]: 311
202[8]: 312
203[8]: 313
204[8]: 314
205[8]: 315
206[8]: 316
207[8]: 317
208[8]: 320
209[8]: 321
210[8]: 322
211[8]: 323
212[8]: 324
213[8]: 325
214[8]: 326
215[8]: 327
216[8]: 330
217[8]: 331
218[8]: 332
219[8]: 333
220[8]: 334
221[8]: 335
222[8]: 336
223[8]: 337
224[8]: 340
225[8]: 341
226[8]: 342
227[8]: 343
228[8]: 344
229[8]: 345
230[8]: 346
231[8]: 347
232[8]: 350
233[8]: 351
234[8]: 352
235[8]: 353
236[8]: 354
237[8]: 355
238[8]: 356
239[8]: 357
240[8]: 360
241[8]: 361
242[8]: 362
243[8]: 363
244[8]: 364
245[8]: 365
246[8]: 366
247[8]: 367
248[8]: 370
249[8]: 371
250[8]: 372
251[8]: 373
252[8]: 374
253[8]: 375
254[8]: 376
255[8]: 377
256[8]: 400
0[9]: 0
1[9]: 1
2[9]: 2
3[9]: 3
4[9]: 4
5[9]: 5
6[9]: 6
7[9]: 7
8[9]: 8
9[9]: 10
10[9]: 11
11[9]: 12
12[9]: 13
13[9]: 14
14[9]: 15
15[9]: 16
16[9]: 17
17[9]: 18
18[9]: 20
19[9]: 21
20[9]: 22
21[9]: 23
22[9]: 24
23[9]: 25
24[9]: 26
25[9]: 27
26[9]: 28
27[9]: 30
28[9]: 31
29[9]: 32
30[9]: 33
31[9]: 34
32[9]: 35
33[9]: 36
34[9]: 37
35[9]: 38
36[9]: 40
37[9]: 41
38[9]: 42
39[9]: 43
40[9]: 44
41[9]: 45
42[9]: 46
43[9]: 47
44[9]: 48
45[9]: 50
46[9]: 51
47[9]: 52
48[9]: 53
49[9]: 54
50[9]: 55
51[9]: 56
52[9]: 57
53[9]: 58
54[9]: 60
55[9]: 61
56[9]: 62
57[9]: 63
58[9]: 64
59[9]: 65
60[9]: 66
61[9]: 67
62[9]: 68
63[9]: 70
64[9]: 71
65[9]: 72
66[9]: 73
67[9]: 74
68[9]: 75
69[9]: 76
70[9]: 77
71[9]: 78
72[9]: 80
73[9]: 81
74[9]: 82
75[9]: 83
76[9]: 84
77[9]: 85
78[9]: 86
79[9]: 87
80[9]: 88
81[9]: 100
82[9]: 101
83[9]: 102
84[9]: 103
85[9]: 104
86[9]: 105
87[9]: 106
88[9]: 107
89[9]: 108
90[9]: 110
91[9]: 111
92[9]: 112
93[9]: 113
94[9]: 114
95[9]: 115
96[9]: 116
97[9]: 117
98[9]: 118
99[9]: 120
100[9]: 121
101[9]: 122
102[9]: 123
103[9]: 124
104[9]: 125
105[9]: 126
106[9]: 127
107[9]: 128
108[9]: 130
109[9]: 131
110[9]: 132
111[9]: 133
112[9]: 134
113[9]: 135
114[9]: 136
115[9]: 137
116[9]: 138
117[9]: 140
118[9]: 141
119[9]: 142
120[9]: 143
121[9]: 144
122[9]: 145
123[9]: 146
124[9]: 147
125[9]: 148
126[9]: 150
127[9]: 151
128[9]: 152
129[9]: 153
130[9]: 154
131[9]: 155
132[9]: 156
133[9]: 157
134[9]: 158
135[9]: 160
136[9]: 161
137[9]: 162
138[9]: 163
139[9]: 164
140[9]: 165
141[9]: 166
142[9]: 167
143[9]: 168
144[9]: 170
145[9]: 171
146[9]: 172
147[9]: 173
148[9]: 174
149[9]: 175
150[9]: 176
151[9]: 177
152[9]: 178
153[9]: 180
154[9]: 181
155[9]: 182
156[9]: 183
157[9]: 184
158[9]: 185
159[9]: 186
160[9]: 187
161[9]: 188
162[9]: 200
163[9]: 201
164[9]: 202
165[9]: 203
166[9]: 204
167[9]: 205
168[9]: 206
169[9]: 207
170[9]: 208
171[9]: 210
172[9]: 211
173[9]: 212
174[9]: 213
175[9]: 214
176[9]: 215
177[9]: 216
178[9]: 217
179[9]: 218
180[9]: 220
181[9]: 221
182[9]: 222
183[9]: 223
184[9]: 224
185[9]: 225
186[9]: 226
187[9]: 227
188[9]: 228
189[9]: 230
190[9]: 231
191[9]: 232
192[9]: 233
193[9]: 234
194[9]: 235
195[9]: 236
196[9]: 237
197[9]: 238
198[9]: 240
199[9]: 241
200[9]: 242
201[9]: 243
202[9]: 244
203[9]: 245
204[9]: 246
205[9]: 247
206[9]: 248
207[9]: 250
208[9]: 251
209[9]: 252
210[9]: 253
211[9]: 254
212[9]: 255
213[9]: 256
214[9]: 257
215[9]: 258
216[9]: 260
217[9]: 261
218[9]: 262
219[9]: 263
220[9]: 264
221[9]: 265
222[9]: 266
223[9]: 267
224[9]: 268
225[9]: 270
226[9]: 271
227[9]: 272
228[9]: 273
229[9]: 274
230[9]: 275
231[9]: 276
232[9]: 277
233[9]: 278
234[9]: 280
235[9]: 281
236[9]: 282
237[9]: 283
238[9]: 284
239[9]: 285
240[9]: 286
241[9]: 287
242[9]: 288
243[9]: 300
244[9]: 301
245[9]: 302
246[9]: 303
247[9]: 304
248[9]: 305
249[9]: 306
250[9]: 307
251[9]: 308
252[9]: 310
253[9]: 311
254[9]: 312
255[9]: 313
256[9]: 314
0[10]: 0
1[10]: 1
2[10]: 2
3[10]: 3
4[10]: 4
5[10]: 5
6[10]: 6
7[10]: 7
8[10]: 8
9[10]: 9
10[10]: 10
11[10]: 11
12[10]: 12
13[10]: 13
14[10]: 14
15[10]: 15
16[10]: 16
17[10]: 17
18[10]: 18
19[10]: 19
20[10]: 20
21[10]: 21
22[10]: 22
23[10]: 23
24[10]: 24
25[10]: 25
26[10]: 26
27[10]: 27
28[10]: 28
29[10]: 29
30[10]: 30
31[10]: 31
32[10]: 32
33[10]: 33
34[10]: 34
35[10]: 35
36[10]: 36
37[10]: 37
38[10]: 38
39[10]: 39
40[10]: 40
41[10]: 41
42[10]: 42
43[10]: 43
44[10]: 44
45[10]: 45
46[10]: 46
47[10]: 47
48[10]: 48
49[10]: 49
50[10]: 50
51[10]: 51
52[10]: 52
53[10]: 53
54[10]: 54
55[10]: 55
56[10]: 56
57[10]: 57
58[10]: 58
59[10]: 59
60[10]: 60
61[10]: 61
62[10]: 62
63[10]: 63
64[10]: 64
65[10]: 65
66[10]: 66
67[10]: 67
68[10]: 68
69[10]: 69
70[10]: 70
71[10]: 71
72[10]: 72
73[10]: 73
74[10]: 74
75[10]: 75
76[10]: 76
77[10]: 77
78[10]: 78
79[10]: 79
80[10]: 80
81[10]: 81
82[10]: 82
83[10]: 83
84[10]: 84
85[10]: 85
86[10]: 86
87[10]: 87
88[10]: 88
89[10]: 89
90[10]: 90
91[10]: 91
92[10]: 92
93[10]: 93
94[10]: 94
95[10]: 95
96[10]: 96
97[10]: 97
98[10]: 98
99[10]: 99
100[10]: 100
101[10]: 101
102[10]: 102
103[10]: 103
104[10]: 104
105[10]: 105
106[10]: 106
107[10]: 107
108[10]: 108
109[10]: 109
110[10]: 110
111[10]: 111
112[10]: 112
113[10]: 113
114[10]: 114
115[10]: 115
116[10]: 116
117[10]: 117
118[10]: 118
119[10]: 119
120[10]: 120
121[10]: 121
122[10]: 122
123[10]: 123
124[10]: 124
125[10]: 125
126[10]: 126
127[10]: 127
128[10]: 128
129[10]: 129
130[10]: 130
131[10]: 131
132[10]: 132
133[10]: 133
134[10]: 134
135[10]: 135
136[10]: 136
137[10]: 137
138[10]: 138
139[10]: 139
140[10]: 140
141[10]: 141
142[10]: 142
143[10]: 143
144[10]: 144
145[10]: 145
146[10]: 146
147[10]: 147
148[10]: 148
149[10]: 149
150[10]: 150
151[10]: 151
152[10]: 152
153[10]: 153
154[10]: 154
155[10]: 155
156[10]: 156
157[10]: 157
158[10]: 158
159[10]: 159
160[10]: 160
161[10]: 161
162[10]: 162
163[10]: 163
164[10]: 164
165[10]: 165
166[10]: 166
167[10]: 167
168[10]: 168
169[10]: 169
170[10]: 170
171[10]: 171
172[10]: 172
173[10]: 173
174[10]: 174
175[10]: 175
176[10]: 176
177[10]: 177
178[10]: 178
179[10]: 179
180[10]: 180
181[10]: 181
182[10]: 182
183[10]: 183
184[10]: 184
185[10]: 185
186[10]: 186
187[10]: 187
188[10]: 188
189[10]: 189
190[10]: 190
191[10]: 191
192[10]: 192
193[10]: 193
194[10]: 194
195[10]: 195
196[10]: 196
197[10]: 197
198[10]: 198
199[10]: 199
200[10]: 200
201[10]: 201
202[10]: 202
203[10]: 203
204[10]: 204
205[10]: 205
206[10]: 206
207[10]: 207
208[10]: 208
209[10]: 209
210[10]: 210
211[10]: 211
212[10]: 212
213[10]: 213
214[10]: 214
215[10]: 215
216[10]: 216
217[10]: 217
218[10]: 218
219[10]: 219
220[10]: 220
221[10]: 221
222[10]: 222
223[10]: 223
224[10]: 224
225[10]: 225
226[10]: 226
227[10]: 227
228[10]: 228
229[10]: 229
230[10]: 230
231[10]: 231
232[10]: 232
233[10]: 233
234[10]: 234
235[10]: 235
236[10]: 236
237[10]: 237
238[10]: 238
239[10]: 239
240[10]: 240
241[10]: 241
242[10]: 242
243[10]: 243
244[10]: 244
245[10]: 245
246[10]: 246
247[10]: 247
248[10]: 248
249[10]: 249
250[10]: 250
251[10]: 251
252[10]: 252
253[10]: 253
254[10]: 254
255[10]: 255
256[10]: 256
