start: 0
label1: 0
label1: 1
label2: 2
label2: 4
label3: 6
label3: 7
label3: 8
label3: 9
label3: 10
end: 11
