dst = 'xxxxxxxxxxxxxxxxxxxx'
dst = 'hello, world'
