 2: 111010110111100110100010101
 3: 22121022020212200
 4: 13112330310111
 5: 223101104124
 6: 20130035113
 7: 3026236221
 8: 726746425
 9: 277266780
10: 123456789
