0: a programing language
1: b language
2: BASIC
3: BCPL
4: c language
5: COBOL
6: FORTRAN
7: java
8: LISP
9: pascal
----
shuffle ok
----
0: a programing language
1: b language
2: BASIC
3: BCPL
4: c language
5: COBOL
6: FORTRAN
7: java
8: LISP
9: pascal
----
