unlink.tmp
ls: cannot access unlink.tmp: No such file or directory
